Site:
* - Site Julia as "service" Ubuntu
* Wiki : Créer infobox sur la droite
* Site/Wiki mutualiser les informations des producteurs : coordonées/Nom, catégorie...
* Filtres : Ameliorations generale
* FDroid : https://f-droid.org/fr/docs/Submitting_to_F-Droid_Quick_Start_Guide/
* Attribution OSM

Securite:

Papier:
* Flyer : plus de choix/amelioration
* Creer un compte https://play.google.com/intl/fr/console/about/ et publier l'app. : https://copperdigital.com/blog/a-step-by-step-guide-to-upload-app-to-google-play-store/

En Cours





- miellerie des bories / Samuel Brun / apiculteur / Chamborigaud / 06.07.32.69.45 / 59 Chemin du Vinigre - 30700 Saint Quentin La Poterie / 44.0417739, 4.447056

- Matthieu Lemboulas / maraîcher, produits à base de châtaignes / Pont de Rastel / 07.81.51.93.93
- Hervé Bourdoux / maraîcher, jus de pommes / Sénéchas / 06.83.07.52.72
- Emmanuelle Polge / jus de pomme / 06.72.19.16.37
- Emmanuelle Chomette / produits à base de fruits rouges / Sénéchas / 06.50.31.58.25
- Alexandre Cartoux / huiles essentielles, produits à base de châtaignes, kiwis / Sénéchas / 06.50.68.57.72
- Alix / Couturière / Sénéchas / 06.44.22.61.64
- Ben / bijoux en macramé / 06.89.15.99.51
- Carole Munos / viticultrice / 06.86.91.30.81
- Cécile Joffart / maraîchère / Génolhac / 06.88.93.76.64
- Atelier RY, Claude et Stéphane Ger-Dumay / artisans du cuir / Chamborigaud / 07.82.37.24.82
- La Terre Bleue, Clotilde / Savons / Peyremale / 06.68.02.80.99
- Didier Thazet / éleveur de volaille / L'affenadou, Portes / 06.85.85.34.52
- Edward Orton / brasseur / Chamborigaud / 06.84.29.72.52
- Ester / apicultrice / Le Chambon / 06.68.67.99.62
- Florence / pépiniériste, confitures / Ponteils-et-Brésis / 06.64.20.90.33
- Gaelle Ferchat, PBC / Brasserie / 06.33.84.06.72
- Ghislaine Laurent / artisanat laine et feutre / Vialas / 06.17.30.17.26
- Hélène Rodriguez / éleveuse de chèvres / Ardèche / 07.83.46.65.61
- Lelya Benali / Potière, céramiste / Sénéchas / 06.58.19.58.24
- Marion Jean / productrice de plants / Ponteils-et-Bresis / 06.25.39.02.24
- Chez Jeannette / food-truck végétarien cuisine du monde produits locaux / Ponteil-et-Brésis / 06.61.06.73.02
- Famille Morel / Pâtes / Ardèche / 06.51.82.04.22
- Paul-Emmanuel / Boulanger / Bessèges / 06.62.22.73.02
- Robin Delahaye / boissons apéritives / Chamborigaud / 09.81.83.42.23
- Sandie Tumbarello / éleveuse de chèvres / Malbosc / 06.88.82.54.12
- Sven et Nathalie / apiculteur / Sénéchas / 07.52.06.57.50
- Tony Guillot / éleveur de volaille / Les Salles du Gardon /06.52.69.35.65
- Valérie Guiot / tisanes, sirops / 06.49.22.76.15

